// Jest Snapshot v1, https://goo.gl/fbAQLP

exports[`Link changes the class when hovered 1`] = `
<div>
  <form />
  <button
    disabled=""
    id="add-new-btn"
    onClick={[Function]}
  >
    Add New Signer
  </button>
  <button
    id="open-for-all"
    onClick={[Function]}
  >
     Anyone can sign
  </button>
</div>
`;
